../Drivers/BSP/STM32C0xx_Nucleo/stm32c0xx_nucleo.c:139:9:BSP_GetVersion	8	static
../Drivers/BSP/STM32C0xx_Nucleo/stm32c0xx_nucleo.c:148:16:BSP_GetBoardName	8	static
../Drivers/BSP/STM32C0xx_Nucleo/stm32c0xx_nucleo.c:157:16:BSP_GetBoardID	8	static
../Drivers/BSP/STM32C0xx_Nucleo/stm32c0xx_nucleo.c:171:9:BSP_LED_Init	48	static
../Drivers/BSP/STM32C0xx_Nucleo/stm32c0xx_nucleo.c:230:9:BSP_LED_DeInit	40	static
../Drivers/BSP/STM32C0xx_Nucleo/stm32c0xx_nucleo.c:271:9:BSP_LED_On	24	static
../Drivers/BSP/STM32C0xx_Nucleo/stm32c0xx_nucleo.c:313:9:BSP_LED_Off	24	static
../Drivers/BSP/STM32C0xx_Nucleo/stm32c0xx_nucleo.c:355:9:BSP_LED_Toggle	24	static
../Drivers/BSP/STM32C0xx_Nucleo/stm32c0xx_nucleo.c:385:9:BSP_LED_GetState	24	static
../Drivers/BSP/STM32C0xx_Nucleo/stm32c0xx_nucleo.c:417:9:BSP_PB_Init	40	static
../Drivers/BSP/STM32C0xx_Nucleo/stm32c0xx_nucleo.c:462:9:BSP_PB_DeInit	48	static
../Drivers/BSP/STM32C0xx_Nucleo/stm32c0xx_nucleo.c:480:9:BSP_PB_GetState	16	static
../Drivers/BSP/STM32C0xx_Nucleo/stm32c0xx_nucleo.c:490:6:BSP_PB_IRQHandler	16	static
../Drivers/BSP/STM32C0xx_Nucleo/stm32c0xx_nucleo.c:500:13:BSP_PB_Callback	16	static
../Drivers/BSP/STM32C0xx_Nucleo/stm32c0xx_nucleo.c:735:13:BUTTON_USER_EXTI_Callback	8	static
