../Core/Src/main.c:102:5:__io_putchar	16	static
../Core/Src/main.c:109:10:readADC	16	static
../Core/Src/main.c:126:6:writeINA219	32	static
../Core/Src/main.c:136:14:readINA219	40	static
../Core/Src/main.c:146:6:init_ina219	16	static
../Core/Src/main.c:155:7:read_ina219	24	static
../Core/Src/main.c:169:5:main	24	static
../Core/Src/main.c:259:6:SystemClock_Config	64	static
../Core/Src/main.c:298:13:MX_ADC1_Init	24	static
../Core/Src/main.c:355:13:MX_FDCAN1_Init	8	static
../Core/Src/main.c:398:13:MX_I2C2_Init	8	static
../Core/Src/main.c:446:13:MX_TIM1_Init	120	static
../Core/Src/main.c:532:13:MX_TIM2_Init	40	static
../Core/Src/main.c:577:13:MX_USART2_UART_Init	8	static
../Core/Src/main.c:613:13:MX_GPIO_Init	24	static
../Core/Src/main.c:632:6:HAL_TIM_PeriodElapsedCallback	48	static
../Core/Src/main.c:718:6:Error_Handler	8	static,ignoring_inline_asm
