../Core/Src/main.c:104:5:__io_putchar	16	static
../Core/Src/main.c:111:10:readAS5600	24	static
../Core/Src/main.c:122:10:readADC	16	static
../Core/Src/main.c:139:6:writeINA219	32	static
../Core/Src/main.c:149:14:readINA219	40	static
../Core/Src/main.c:159:6:init_ina219	16	static
../Core/Src/main.c:168:7:read_ina219	24	static
../Core/Src/main.c:182:5:main	24	static
../Core/Src/main.c:273:6:SystemClock_Config	64	static
../Core/Src/main.c:312:13:MX_ADC1_Init	24	static
../Core/Src/main.c:369:13:MX_FDCAN1_Init	8	static
../Core/Src/main.c:412:13:MX_I2C2_Init	8	static
../Core/Src/main.c:460:13:MX_TIM1_Init	120	static
../Core/Src/main.c:546:13:MX_TIM2_Init	40	static
../Core/Src/main.c:591:13:MX_USART2_UART_Init	8	static
../Core/Src/main.c:627:13:MX_GPIO_Init	24	static
../Core/Src/main.c:646:6:HAL_TIM_PeriodElapsedCallback	48	static
../Core/Src/main.c:732:6:Error_Handler	8	static,ignoring_inline_asm
