../Core/Src/main.c:102:5:__io_putchar	1
../Core/Src/main.c:109:10:readADC	2
../Core/Src/main.c:126:6:writeINA219	1
../Core/Src/main.c:136:14:readINA219	1
../Core/Src/main.c:146:6:init_ina219	1
../Core/Src/main.c:155:7:read_ina219	1
../Core/Src/main.c:169:5:main	5
../Core/Src/main.c:257:6:SystemClock_Config	3
../Core/Src/main.c:296:13:MX_ADC1_Init	3
../Core/Src/main.c:353:13:MX_FDCAN1_Init	2
../Core/Src/main.c:396:13:MX_I2C2_Init	4
../Core/Src/main.c:444:13:MX_TIM1_Init	8
../Core/Src/main.c:530:13:MX_TIM2_Init	4
../Core/Src/main.c:575:13:MX_USART2_UART_Init	2
../Core/Src/main.c:611:13:MX_GPIO_Init	1
../Core/Src/main.c:630:6:HAL_TIM_PeriodElapsedCallback	11
../Core/Src/main.c:714:6:Error_Handler	1
